ERR_TOO_MANY_REDIRECTSThis page isn’t working
ERR_TOO_MANY_REDIRECTS
